// Jest Snapshot v1, https://goo.gl/fbAQLP

exports[`matches snapshot 1`] = `
<div
  className="petc-pageview"
>
  <h1>
    pannus et circulos
  </h1>
  <div
    className="petc-homepage"
  >
    <a
      href="#new"
      id="petc-create-new"
      onClick={[Function]}
    >
      Create New
    </a>
  </div>
</div>
`;
