// Jest Snapshot v1, https://goo.gl/fbAQLP

exports[`render with nodes and edges 1`] = `
<div
  className="petc-kanvas"
  onClick={[Function]}
>
  <div
    className="petc-node"
    id="a"
    onClick={[Function]}
    style={
      Object {
        "left": 1,
        "top": 2,
      }
    }
  />
  <div
    className="petc-node"
    id="b"
    onClick={[Function]}
    style={
      Object {
        "left": 2,
        "top": 3,
      }
    }
  />
  <div
    id="a-b"
  />
</div>
`;

exports[`renders initial doc 1`] = `
<div
  className="petc-kanvas"
  onClick={[Function]}
/>
`;
