// Jest Snapshot v1, https://goo.gl/fbAQLP

exports[`matches snapshot 1`] = `
<div>
  <NavBar
    controls={
      Object {
        "storeview": true,
      }
    }
    doc={
      Object {
        "edges": Object {},
        "nodes": Object {},
      }
    }
    docId="123"
    docLoaded={[Function]}
    viewMode={"VIEW_GRAPH"}
  />
  <div
    className="petc-pageview"
  >
    <h1>
      pannus et circulos
    </h1>
    <Kanvas
      addEdge={[Function]}
      addNode={[Function]}
      controls={
        Object {
          "storeview": true,
        }
      }
      doc={
        Object {
          "edges": Object {},
          "nodes": Object {},
        }
      }
      docId="123"
      docLoaded={[Function]}
      updateNode={[Function]}
      viewMode={"VIEW_GRAPH"}
    />
  </div>
  <StoreView
    controls={
      Object {
        "storeview": true,
      }
    }
    doc={
      Object {
        "edges": Object {},
        "nodes": Object {},
      }
    }
    docId="123"
    docLoaded={[Function]}
    viewMode={"VIEW_GRAPH"}
  />
</div>
`;
